../Drivers/CMSIS/Include/core_cm4.h:2064:26:ITM_SendChar	16	static,ignoring_inline_asm
../Core/Src/main.c:90:5:main	8	static
../Core/Src/main.c:145:6:SystemClock_Config	88	static
../Core/Src/main.c:192:13:MX_TIM1_Init	96	static
../Core/Src/main.c:271:13:MX_TIM2_Init	32	static
../Core/Src/main.c:316:13:MX_TIM5_Init	56	static
../Core/Src/main.c:365:13:MX_USART2_UART_Init	8	static
../Core/Src/main.c:398:13:MX_GPIO_Init	48	static
../Core/Src/main.c:432:5:_write	32	static
../Core/Src/main.c:442:6:HAL_TIM_PeriodElapsedCallback	16	static
../Core/Src/main.c:451:6:setMotor	4	static
../Core/Src/main.c:464:6:controllerPID	16	static
../Core/Src/main.c:502:6:Error_Handler	4	static,ignoring_inline_asm
