../Drivers/CMSIS/Include/core_cm4.h:2064:26:ITM_SendChar	16	static,ignoring_inline_asm
../Core/Src/main.c:89:5:main	8	static
../Core/Src/main.c:144:6:SystemClock_Config	88	static
../Core/Src/main.c:191:13:MX_TIM1_Init	96	static
../Core/Src/main.c:270:13:MX_TIM2_Init	32	static
../Core/Src/main.c:315:13:MX_TIM5_Init	56	static
../Core/Src/main.c:364:13:MX_USART2_UART_Init	8	static
../Core/Src/main.c:397:13:MX_GPIO_Init	48	static
../Core/Src/main.c:431:5:_write	32	static
../Core/Src/main.c:441:6:HAL_TIM_PeriodElapsedCallback	16	static
../Core/Src/main.c:450:6:setMotor	4	static
../Core/Src/main.c:463:6:controllerPID	8	static
../Core/Src/main.c:499:6:Error_Handler	4	static,ignoring_inline_asm
